// Jest Snapshot v1, https://goo.gl/fbAQLP

exports[`#1331 W1：13 orchestration atom summaryTemplate 字节稳定锁（zh/en 对称） summaryTemplate(gate.regime, en) 非空且字节稳定: gate.regime-en 1`] = `"allow long only when price is above EMA50"`;

exports[`#1331 W1：13 orchestration atom summaryTemplate 字节稳定锁（zh/en 对称） summaryTemplate(gate.regime, zh) 非空且字节稳定: gate.regime-zh 1`] = `"只在价格高于 EMA50 时允许做多"`;

exports[`#1331 W1：13 orchestration atom summaryTemplate 字节稳定锁（zh/en 对称） summaryTemplate(gate.subStrategy, en) 非空且字节稳定: gate.subStrategy-en 1`] = `"Pause sub-strategy trend_a when condition is false"`;

exports[`#1331 W1：13 orchestration atom summaryTemplate 字节稳定锁（zh/en 对称） summaryTemplate(gate.subStrategy, zh) 非空且字节稳定: gate.subStrategy-zh 1`] = `"条件不成立时暂停子策略 trend_a"`;

exports[`#1331 W1：13 orchestration atom summaryTemplate 字节稳定锁（zh/en 对称） summaryTemplate(portfolioRisk.drawdown_block, en) 非空且字节稳定: portfolioRisk.drawdown_block-en 1`] = `"Portfolio drawdown guard"`;

exports[`#1331 W1：13 orchestration atom summaryTemplate 字节稳定锁（zh/en 对称） summaryTemplate(portfolioRisk.drawdown_block, zh) 非空且字节稳定: portfolioRisk.drawdown_block-zh 1`] = `"账户回撤超过 15% 时阻止开新仓"`;

exports[`#1331 W1：13 orchestration atom summaryTemplate 字节稳定锁（zh/en 对称） summaryTemplate(portfolioRisk.substrategy_exposure_cap, en) 非空且字节稳定: portfolioRisk.substrategy_exposure_cap-en 1`] = `"block new entries when sub-strategy exposure exceeds 40%"`;

exports[`#1331 W1：13 orchestration atom summaryTemplate 字节稳定锁（zh/en 对称） summaryTemplate(portfolioRisk.substrategy_exposure_cap, zh) 非空且字节稳定: portfolioRisk.substrategy_exposure_cap-zh 1`] = `"子策略敞口超过 40% 时阻止开新仓"`;

exports[`#1331 W1：13 orchestration atom summaryTemplate 字节稳定锁（zh/en 对称） summaryTemplate(portfolioRisk.symbol_exposure_cap, en) 非空且字节稳定: portfolioRisk.symbol_exposure_cap-en 1`] = `"block new entries when symbol exposure exceeds 30%"`;

exports[`#1331 W1：13 orchestration atom summaryTemplate 字节稳定锁（zh/en 对称） summaryTemplate(portfolioRisk.symbol_exposure_cap, zh) 非空且字节稳定: portfolioRisk.symbol_exposure_cap-zh 1`] = `"单标的敞口超过 30% 时阻止开新仓"`;

exports[`#1331 W1：13 orchestration atom summaryTemplate 字节稳定锁（zh/en 对称） summaryTemplate(program.adaptive_volatility_grid, en) 非空且字节稳定: program.adaptive_volatility_grid-en 1`] = `"adaptive grid with step 1.5x ATR(14) and range 3x ATR(14), 6 levels, each clamped to 0.2%-2%, on deactivate cancel orders"`;

exports[`#1331 W1：13 orchestration atom summaryTemplate 字节稳定锁（zh/en 对称） summaryTemplate(program.adaptive_volatility_grid, zh) 非空且字节稳定: program.adaptive_volatility_grid-zh 1`] = `"ATR(14) 的 1.5 倍为步长、3 倍为区间的自适应网格，6 档，每档 0.2%-2% 钳制，失活时撤单"`;

exports[`#1331 W1：13 orchestration atom summaryTemplate 字节稳定锁（zh/en 对称） summaryTemplate(program.dynamic_grid, en) 非空且字节稳定: program.dynamic_grid-en 1`] = `"dynamic grid anchored at recent 50-bar high, 5 levels (0.5% each), on deactivate cancel orders"`;

exports[`#1331 W1：13 orchestration atom summaryTemplate 字节稳定锁（zh/en 对称） summaryTemplate(program.dynamic_grid, zh) 非空且字节稳定: program.dynamic_grid-zh 1`] = `"围绕最近 50 根 K 线高点的 5 档动态网格（每档 0.5%），失活时撤单"`;

exports[`#1331 W1：13 orchestration atom summaryTemplate 字节稳定锁（zh/en 对称） summaryTemplate(program.event_listener, en) 非空且字节稳定: program.event_listener-en 1`] = `"event listener — TradingView alerts"`;

exports[`#1331 W1：13 orchestration atom summaryTemplate 字节稳定锁（zh/en 对称） summaryTemplate(program.event_listener, zh) 非空且字节稳定: program.event_listener-zh 1`] = `"事件监听 — TradingView 喊单"`;

exports[`#1331 W1：13 orchestration atom summaryTemplate 字节稳定锁（zh/en 对称） summaryTemplate(program.fixed_grid_gated, en) 非空且字节稳定: program.fixed_grid_gated-en 1`] = `"place 10-level grid in range 50000-60000 (step 5%), on deactivate cancel orders"`;

exports[`#1331 W1：13 orchestration atom summaryTemplate 字节稳定锁（zh/en 对称） summaryTemplate(program.fixed_grid_gated, zh) 非空且字节稳定: program.fixed_grid_gated-zh 1`] = `"在 50000-60000 区间挂 10 档网格（步长 5%），失活时撤单"`;

exports[`#1331 W1：13 orchestration atom summaryTemplate 字节稳定锁（zh/en 对称） summaryTemplate(scope.dataSource, en) 非空且字节稳定: scope.dataSource-en 1`] = `"Data source: primary (binance.spot.btcusdt / ohlcv)"`;

exports[`#1331 W1：13 orchestration atom summaryTemplate 字节稳定锁（zh/en 对称） summaryTemplate(scope.dataSource, zh) 非空且字节稳定: scope.dataSource-zh 1`] = `"数据源：primary（binance.spot.btcusdt / ohlcv）"`;

exports[`#1331 W1：13 orchestration atom summaryTemplate 字节稳定锁（zh/en 对称） summaryTemplate(scope.leg, en) 非空且字节稳定: scope.leg-en 1`] = `"Long leg (BTCUSDT)"`;

exports[`#1331 W1：13 orchestration atom summaryTemplate 字节稳定锁（zh/en 对称） summaryTemplate(scope.leg, zh) 非空且字节稳定: scope.leg-zh 1`] = `"多头腿（BTCUSDT）"`;

exports[`#1331 W1：13 orchestration atom summaryTemplate 字节稳定锁（zh/en 对称） summaryTemplate(scope.subStrategy, en) 非空且字节稳定: scope.subStrategy-en 1`] = `"Sub-strategy: 趋势子策略 (on switch — position: close, orders: cancel)"`;

exports[`#1331 W1：13 orchestration atom summaryTemplate 字节稳定锁（zh/en 对称） summaryTemplate(scope.subStrategy, zh) 非空且字节稳定: scope.subStrategy-zh 1`] = `"子策略：趋势子策略（切换时仓位：close，挂单：cancel）"`;

exports[`#1331 W1：13 orchestration atom summaryTemplate 字节稳定锁（zh/en 对称） summaryTemplate(scope.symbol, en) 非空且字节稳定: scope.symbol-en 1`] = `"Symbol scope: BTCUSDT, ETHUSDT (primary BTCUSDT)"`;

exports[`#1331 W1：13 orchestration atom summaryTemplate 字节稳定锁（zh/en 对称） summaryTemplate(scope.symbol, zh) 非空且字节稳定: scope.symbol-zh 1`] = `"标的范围：BTCUSDT、ETHUSDT（主：BTCUSDT）"`;

exports[`#1331 W1：13 orchestration atom summaryTemplate 字节稳定锁（zh/en 对称） summaryTemplate(scope.timeframe, en) 非空且字节稳定: scope.timeframe-en 1`] = `"Timeframe scope: primary 15m, required 1h、4h (strict)"`;

exports[`#1331 W1：13 orchestration atom summaryTemplate 字节稳定锁（zh/en 对称） summaryTemplate(scope.timeframe, zh) 非空且字节稳定: scope.timeframe-zh 1`] = `"周期范围:主 15m，依赖 1h、4h（strict）"`;
